// Jest Snapshot v1, https://goo.gl/fbAQLP

exports[`<Loading /> renders the <Loading /> component 1`] = `
<div
  class="sc-bczRLJ sBPGE"
  data-testid="loading"
>
  <img
    class="sc-gsnTZi gCXfDn"
    data-testid="loading-picture"
    src="images/users//images/karl.png.png"
  />
</div>
`;

exports[`<Loading /> renders the <Loading.ReleaseBody /> component 1`] = `null`;
